Archive member included to satisfy reference by file (symbol)

/usr/lib/gcc/arm-none-eabi/4.9.3/armv6-m/libgcc.a(_udivsi3.o)
                              bin/ssp_11xx.o (__aeabi_uidiv)
/usr/lib/gcc/arm-none-eabi/4.9.3/armv6-m/libgcc.a(_dvmd_tls.o)
                              /usr/lib/gcc/arm-none-eabi/4.9.3/armv6-m/libgcc.a(_udivsi3.o) (__aeabi_idiv0)
/usr/lib/gcc/arm-none-eabi/4.9.3/../../../arm-none-eabi/lib/armv6-m/libg.a(lib_a-memcpy.o)
                              bin/ring_buffer.o (memcpy)

Allocating common symbols
Common symbol       size              file

msTicks             0x4               bin/blink.o

Discarded input sections

 .data          0x0000000000000000        0x0 bin/startup_LPC11xx.o
 .bss           0x0000000000000000        0x0 bin/startup_LPC11xx.o
 .ARM.extab.isr_vector
                0x0000000000000000        0x0 bin/startup_LPC11xx.o
 .group         0x0000000000000000        0x8 bin/ssp_11xx.o
 .group         0x0000000000000000        0x8 bin/ssp_11xx.o
 .group         0x0000000000000000        0x8 bin/ssp_11xx.o
 .group         0x0000000000000000        0x8 bin/ssp_11xx.o
 .group         0x0000000000000000        0x8 bin/ssp_11xx.o
 .group         0x0000000000000000        0x8 bin/ssp_11xx.o
 .group         0x0000000000000000        0x8 bin/ssp_11xx.o
 .group         0x0000000000000000        0x8 bin/ssp_11xx.o
 .group         0x0000000000000000        0x8 bin/ssp_11xx.o
 .group         0x0000000000000000        0x8 bin/ssp_11xx.o
 .group         0x0000000000000000        0x8 bin/ssp_11xx.o
 .group         0x0000000000000000        0x8 bin/ssp_11xx.o
 .group         0x0000000000000000        0x8 bin/ssp_11xx.o
 .group         0x0000000000000000        0x8 bin/ssp_11xx.o
 .group         0x0000000000000000        0x8 bin/ssp_11xx.o
 .group         0x0000000000000000        0x8 bin/ssp_11xx.o
 .group         0x0000000000000000        0x8 bin/ssp_11xx.o
 .group         0x0000000000000000        0x8 bin/ssp_11xx.o
 .group         0x0000000000000000        0x8 bin/ssp_11xx.o
 .group         0x0000000000000000        0x8 bin/ssp_11xx.o
 .group         0x0000000000000000        0x8 bin/ssp_11xx.o
 .group         0x0000000000000000        0x8 bin/ssp_11xx.o
 .group         0x0000000000000000        0x8 bin/ssp_11xx.o
 .group         0x0000000000000000        0x8 bin/ssp_11xx.o
 .group         0x0000000000000000        0x8 bin/ssp_11xx.o
 .group         0x0000000000000000        0x8 bin/ssp_11xx.o
 .text          0x0000000000000000        0x0 bin/ssp_11xx.o
 .data          0x0000000000000000        0x0 bin/ssp_11xx.o
 .bss           0x0000000000000000        0x0 bin/ssp_11xx.o
 .text.SSP_Read1BFifo
                0x0000000000000000       0x34 bin/ssp_11xx.o
 .text.Chip_SSP_SetClockRate
                0x0000000000000000       0x18 bin/ssp_11xx.o
 .text.Chip_SSP_RWFrames_Blocking
                0x0000000000000000      0x118 bin/ssp_11xx.o
 .text.Chip_SSP_WriteFrames_Blocking
                0x0000000000000000       0xc8 bin/ssp_11xx.o
 .text.Chip_SSP_ReadFrames_Blocking
                0x0000000000000000       0xdc bin/ssp_11xx.o
 .text.Chip_SSP_Int_FlushData
                0x0000000000000000       0x24 bin/ssp_11xx.o
 .text.Chip_SSP_Int_RWFrames8Bits
                0x0000000000000000       0x84 bin/ssp_11xx.o
 .text.Chip_SSP_Int_RWFrames16Bits
                0x0000000000000000       0xc8 bin/ssp_11xx.o
 .text.Chip_SSP_SetMaster
                0x0000000000000000       0x18 bin/ssp_11xx.o
 .text.Chip_SSP_SetBitRate
                0x0000000000000000       0x90 bin/ssp_11xx.o
 .text.Chip_SSP_Init
                0x0000000000000000       0x70 bin/ssp_11xx.o
 .text.Chip_SSP_DeInit
                0x0000000000000000       0x48 bin/ssp_11xx.o
 .debug_info    0x0000000000000000     0x1c7a bin/ssp_11xx.o
 .debug_abbrev  0x0000000000000000      0x3f0 bin/ssp_11xx.o
 .debug_loc     0x0000000000000000     0x12f3 bin/ssp_11xx.o
 .debug_aranges
                0x0000000000000000       0x78 bin/ssp_11xx.o
 .debug_ranges  0x0000000000000000      0x7d8 bin/ssp_11xx.o
 .debug_macro   0x0000000000000000      0x160 bin/ssp_11xx.o
 .debug_macro   0x0000000000000000      0x81a bin/ssp_11xx.o
 .debug_macro   0x0000000000000000       0x22 bin/ssp_11xx.o
 .debug_macro   0x0000000000000000       0x44 bin/ssp_11xx.o
 .debug_macro   0x0000000000000000       0xe3 bin/ssp_11xx.o
 .debug_macro   0x0000000000000000       0x22 bin/ssp_11xx.o
 .debug_macro   0x0000000000000000      0x1df bin/ssp_11xx.o
 .debug_macro   0x0000000000000000       0x22 bin/ssp_11xx.o
 .debug_macro   0x0000000000000000       0x6d bin/ssp_11xx.o
 .debug_macro   0x0000000000000000       0x10 bin/ssp_11xx.o
 .debug_macro   0x0000000000000000       0x1f bin/ssp_11xx.o
 .debug_macro   0x0000000000000000       0x3a bin/ssp_11xx.o
 .debug_macro   0x0000000000000000      0x241 bin/ssp_11xx.o
 .debug_macro   0x0000000000000000      0x11e bin/ssp_11xx.o
 .debug_macro   0x0000000000000000       0x22 bin/ssp_11xx.o
[...]
Memory Configuration

Name             Origin             Length             Attributes
FLASH            0x0000000000000000 0x0000000000008000 xr
RAM              0x0000000010000100 0x0000000000001f00 xrw
*default*        0x0000000000000000 0xffffffffffffffff

Linker script and memory map

LOAD bin/startup_LPC11xx.o
LOAD bin/ssp_11xx.o
LOAD bin/i2c_11xx.o
LOAD bin/wwdt_11xx.o
LOAD bin/clock_11xx.o
LOAD bin/ring_buffer.o
LOAD bin/chip_11xx.o
LOAD bin/gpio_11xx_2.o
LOAD bin/pinint_11xx.o
LOAD bin/sysinit_11xx.o
LOAD bin/iocon_11xx.o
LOAD bin/timer_11xx.o
LOAD bin/adc_11xx.o
LOAD bin/gpiogroup_11xx.o
LOAD bin/gpio_11xx_1.o
LOAD bin/pmu_11xx.o
LOAD bin/adc_1125.o
LOAD bin/sysctl_11xx.o
LOAD bin/uart_11xx.o
LOAD bin/blink.o
LOAD bin/sysinit.o
LOAD /usr/lib/gcc/arm-none-eabi/4.9.3/../../../arm-none-eabi/lib/armv6-m/libstdc++.a
LOAD /usr/lib/gcc/arm-none-eabi/4.9.3/../../../arm-none-eabi/lib/armv6-m/libm.a
START GROUP
LOAD /usr/lib/gcc/arm-none-eabi/4.9.3/armv6-m/libgcc.a
LOAD /usr/lib/gcc/arm-none-eabi/4.9.3/../../../arm-none-eabi/lib/armv6-m/libg.a
LOAD /usr/lib/gcc/arm-none-eabi/4.9.3/../../../arm-none-eabi/lib/armv6-m/libc.a
END GROUP

.text           0x0000000000000000      0x4f4
 *(.isr_vector)
 .isr_vector    0x0000000000000000       0xd0 bin/startup_LPC11xx.o
                0x0000000000000000                __isr_vector
                0x00000000000000c0                Reset_Handler
 *(.text*)
 .text          0x00000000000000d0        0xc bin/startup_LPC11xx.o
                0x00000000000000d0                NMI_Handler
                0x00000000000000d2                HardFault_Handler
                0x00000000000000d4                SVC_Handler
                0x00000000000000d6                PendSV_Handler
                0x00000000000000da                TIMER16_0_IRQHandler
                0x00000000000000da                UART_IRQHandler
                0x00000000000000da                TIMER32_0_IRQHandler
                0x00000000000000da                TIMER32_1_IRQHandler
                0x00000000000000da                PIOINT1_IRQHandler
                0x00000000000000da                CAN_IRQHandler
                0x00000000000000da                SSP0_IRQHandler
                0x00000000000000da                TIMER16_1_IRQHandler
                0x00000000000000da                Default_Handler
                0x00000000000000da                ADC_IRQHandler
                0x00000000000000da                SSP1_IRQHandler
                0x00000000000000da                PIOINT2_IRQHandler
                0x00000000000000da                BOD_IRQHandler
                0x00000000000000da                WAKEUP_IRQHandler
                0x00000000000000da                PIOINT0_IRQHandler
                0x00000000000000da                I2C_IRQHandler
                0x00000000000000da                WDT_IRQHandler
                0x00000000000000da                PIOINT3_IRQHandler
 .text.Chip_Clock_GetSystemPLLOutClockRate
                0x00000000000000dc       0x40 bin/clock_11xx.o
                0x00000000000000dc                Chip_Clock_GetSystemPLLOutClockRate
 .text.Chip_Clock_GetMainClockRate
                0x000000000000011c       0x5c bin/clock_11xx.o
                0x000000000000011c                Chip_Clock_GetMainClockRate
 .text.Chip_Clock_GetSystemClockRate
                0x0000000000000178       0x14 bin/clock_11xx.o
                0x0000000000000178                Chip_Clock_GetSystemClockRate
 .text.SystemCoreClockUpdate
                0x000000000000018c       0x10 bin/chip_11xx.o
                0x000000000000018c                SystemCoreClockUpdate
 .text.Chip_GPIO_Init
                0x000000000000019c       0x14 bin/gpio_11xx_2.o
                0x000000000000019c                Chip_GPIO_Init
 .text.Chip_GPIO_WriteDirBit
                0x00000000000001b0       0x28 bin/gpio_11xx_2.o
                0x00000000000001b0                Chip_GPIO_WriteDirBit
 .text.SysTick_Handler
                0x00000000000001d8       0x10 bin/blink.o
                0x00000000000001d8                SysTick_Handler
 .text.startup.main
                0x00000000000001e8      0x114 bin/blink.o
                0x00000000000001e8                main
 .text.SystemInit
                0x00000000000002fc       0x90 bin/sysinit.o
                0x00000000000002fc                SystemInit
 .text          0x000000000000038c      0x120 /usr/lib/gcc/arm-none-eabi/4.9.3/armv6-m/libgcc.a(_udivsi3.o)
                0x000000000000038c                __udivsi3
                0x000000000000038c                __aeabi_uidiv
                0x0000000000000498                __aeabi_uidivmod
 .text          0x00000000000004ac        0x4 /usr/lib/gcc/arm-none-eabi/4.9.3/armv6-m/libgcc.a(_dvmd_tls.o)
                0x00000000000004ac                __aeabi_ldiv0
                0x00000000000004ac                __aeabi_idiv0
 *(.init)
 *(.fini)
 *crtbegin.o(.ctors)
 *crtbegin?.o(.ctors)
 *(EXCLUDE_FILE(*crtend.o *crtend?.o) .ctors)
 *(SORT(.ctors.*))
 *(.ctors)
 *crtbegin.o(.dtors)
 *crtbegin?.o(.dtors)
 *(EXCLUDE_FILE(*crtend.o *crtend?.o) .dtors)
 *(SORT(.dtors.*))
 *(.dtors)
 *(.rodata*)
 .rodata.wdtOSCRate
                0x00000000000004b0       0x40 bin/clock_11xx.o
 .rodata.OscRateIn
                0x00000000000004f0        0x4 bin/blink.o
                0x00000000000004f0                OscRateIn
 *(.eh_frame*)

.glue_7         0x00000000000004f4        0x0
 .glue_7        0x00000000000004f4        0x0 linker stubs

.glue_7t        0x00000000000004f4        0x0
 .glue_7t       0x00000000000004f4        0x0 linker stubs

.vfp11_veneer   0x00000000000004f4        0x0
 .vfp11_veneer  0x00000000000004f4        0x0 linker stubs

.v4_bx          0x00000000000004f4        0x0
 .v4_bx         0x00000000000004f4        0x0 linker stubs

.iplt           0x00000000000004f4        0x0
 .iplt          0x00000000000004f4        0x0 bin/startup_LPC11xx.o

.ARM.extab
 *(.ARM.extab* .gnu.linkonce.armextab.*)
                0x00000000000004f4                __exidx_start = .

.ARM.exidx      0x00000000000004f4        0x8
 *(.ARM.exidx* .gnu.linkonce.armexidx.*)
 .ARM.exidx.isr_vector
                0x00000000000004f4        0x8 bin/startup_LPC11xx.o
                0x00000000000004fc                __exidx_end = .
                0x00000000000004fc                __etext = .

.rel.dyn        0x00000000000004fc        0x0
 .rel.iplt      0x00000000000004fc        0x0 bin/startup_LPC11xx.o

.data           0x0000000010000100        0x4 load address 0x00000000000004fc
                0x0000000010000100                __data_start__ = .
 *(vtable)
 *(.data*)
 .data.SystemCoreClock
                0x0000000010000100        0x4 bin/sysinit.o
                0x0000000010000100                SystemCoreClock
                0x0000000010000104                . = ALIGN (0x4)
                [!provide]                        PROVIDE (__preinit_array_start, .)
 *(.preinit_array)
                [!provide]                        PROVIDE (__preinit_array_end, .)
                0x0000000010000104                . = ALIGN (0x4)
                [!provide]                        PROVIDE (__init_array_start, .)
 *(SORT(.init_array.*))
 *(.init_array)
                [!provide]                        PROVIDE (__init_array_end, .)
                0x0000000010000104                . = ALIGN (0x4)
                [!provide]                        PROVIDE (__fini_array_start, .)
 *(SORT(.fini_array.*))
 *(.fini_array)
                [!provide]                        PROVIDE (__fini_array_end, .)
 *(.jcr*)
                0x0000000010000104                . = ALIGN (0x4)
                0x0000000010000104                __data_end__ = .

.igot.plt       0x0000000010000104        0x0 load address 0x0000000000000500
 .igot.plt      0x0000000010000104        0x0 bin/startup_LPC11xx.o

.bss            0x0000000010000104        0x4 load address 0x0000000000000500
                0x0000000010000104                . = ALIGN (0x4)
                0x0000000010000104                __bss_start__ = .
 *(.bss*)
 *(COMMON)
 COMMON         0x0000000010000104        0x4 bin/blink.o
                0x0000000010000104                msTicks
                0x0000000010000108                . = ALIGN (0x4)
                0x0000000010000108                __bss_end__ = .

.heap           0x0000000010000108     0x1000
                0x0000000010000108                __end__ = .
                [!provide]                        PROVIDE (end, .)
 *(.heap*)
 .heap          0x0000000010000108     0x1000 bin/startup_LPC11xx.o
                0x0000000010000108                __HeapBase
                0x0000000010001108                __HeapLimit = .

.stack_dummy    0x0000000010000108      0x200
 *(.stack*)
 .stack         0x0000000010000108      0x200 bin/startup_LPC11xx.o
                0x0000000010002000                __StackTop = (ORIGIN (RAM) + LENGTH (RAM))
                0x0000000010001e00                __StackLimit = (__StackTop - SIZEOF (.stack_dummy))
                [!provide]                        PROVIDE (__stack, __StackTop)
                0x0000000000000001                ASSERT ((__StackLimit >= __HeapLimit), region RAM overflowed with stack)
OUTPUT(bin/blink.elf elf32-littlearm)

.ARM.attributes
                0x0000000000000000       0x2d
 .ARM.attributes
                0x0000000000000000       0x21 bin/startup_LPC11xx.o
 .ARM.attributes
                0x0000000000000021       0x31 bin/clock_11xx.o
 .ARM.attributes
                0x0000000000000052       0x31 bin/chip_11xx.o
 .ARM.attributes
                0x0000000000000083       0x31 bin/gpio_11xx_2.o
 .ARM.attributes
                0x00000000000000b4       0x31 bin/blink.o
 .ARM.attributes
                0x00000000000000e5       0x31 bin/sysinit.o
 .ARM.attributes
                0x0000000000000116       0x1e /usr/lib/gcc/arm-none-eabi/4.9.3/armv6-m/libgcc.a(_udivsi3.o)
 .ARM.attributes
                0x0000000000000134       0x1e /usr/lib/gcc/arm-none-eabi/4.9.3/armv6-m/libgcc.a(_dvmd_tls.o)

.comment        0x0000000000000000       0xa8
 .comment       0x0000000000000000       0x70 bin/clock_11xx.o
                                         0x71 (size before relaxing)
 .comment       0x0000000000000070       0x71 bin/chip_11xx.o
 .comment       0x0000000000000070       0x71 bin/gpio_11xx_2.o
 .comment       0x0000000000000070       0x38 bin/blink.o
                                         0x39 (size before relaxing)
 .comment       0x00000000000000a8       0x71 bin/sysinit.o

.debug_line     0x0000000000000000     0x1271
 .debug_line    0x0000000000000000       0x7b bin/startup_LPC11xx.o
 .debug_line    0x000000000000007b      0x3e8 bin/clock_11xx.o
 .debug_line    0x0000000000000463      0x2c9 bin/chip_11xx.o
 .debug_line    0x000000000000072c      0x3f4 bin/gpio_11xx_2.o
 .debug_line    0x0000000000000b20      0x39c bin/blink.o
 .debug_line    0x0000000000000ebc      0x2eb bin/sysinit.o
 .debug_line    0x00000000000011a7       0x6c /usr/lib/gcc/arm-none-eabi/4.9.3/armv6-m/libgcc.a(_udivsi3.o)
 .debug_line    0x0000000000001213       0x5e /usr/lib/gcc/arm-none-eabi/4.9.3/armv6-m/libgcc.a(_dvmd_tls.o)

.debug_info     0x0000000000000000     0x2980
 .debug_info    0x0000000000000000       0x8e bin/startup_LPC11xx.o
 .debug_info    0x000000000000008e      0x978 bin/clock_11xx.o
 .debug_info    0x0000000000000a06       0xe7 bin/chip_11xx.o
 .debug_info    0x0000000000000aed      0xc60 bin/gpio_11xx_2.o
 .debug_info    0x000000000000174d      0xb8f bin/blink.o
 .debug_info    0x00000000000022dc      0x532 bin/sysinit.o
 .debug_info    0x000000000000280e       0xb9 /usr/lib/gcc/arm-none-eabi/4.9.3/armv6-m/libgcc.a(_udivsi3.o)
 .debug_info    0x00000000000028c7       0xb9 /usr/lib/gcc/arm-none-eabi/4.9.3/armv6-m/libgcc.a(_dvmd_tls.o)

.debug_abbrev   0x0000000000000000      0x92f
 .debug_abbrev  0x0000000000000000       0x12 bin/startup_LPC11xx.o
 .debug_abbrev  0x0000000000000012      0x295 bin/clock_11xx.o
 .debug_abbrev  0x00000000000002a7       0x9b bin/chip_11xx.o
 .debug_abbrev  0x0000000000000342      0x1f5 bin/gpio_11xx_2.o
 .debug_abbrev  0x0000000000000537      0x2e2 bin/blink.o
 .debug_abbrev  0x0000000000000819       0xee bin/sysinit.o
 .debug_abbrev  0x0000000000000907       0x14 /usr/lib/gcc/arm-none-eabi/4.9.3/armv6-m/libgcc.a(_udivsi3.o)
 .debug_abbrev  0x000000000000091b       0x14 /usr/lib/gcc/arm-none-eabi/4.9.3/armv6-m/libgcc.a(_dvmd_tls.o)

.debug_aranges  0x0000000000000000      0x188
 .debug_aranges
                0x0000000000000000       0x28 bin/startup_LPC11xx.o
 .debug_aranges
                0x0000000000000028       0x68 bin/clock_11xx.o
 .debug_aranges
                0x0000000000000090       0x20 bin/chip_11xx.o
 .debug_aranges
                0x00000000000000b0       0x50 bin/gpio_11xx_2.o
 .debug_aranges
                0x0000000000000100       0x28 bin/blink.o
 .debug_aranges
                0x0000000000000128       0x20 bin/sysinit.o
 .debug_aranges
                0x0000000000000148       0x20 /usr/lib/gcc/arm-none-eabi/4.9.3/armv6-m/libgcc.a(_udivsi3.o)
 .debug_aranges
                0x0000000000000168       0x20 /usr/lib/gcc/arm-none-eabi/4.9.3/armv6-m/libgcc.a(_dvmd_tls.o)

.debug_ranges   0x0000000000000000      0x3f8
 .debug_ranges  0x0000000000000000       0x20 bin/startup_LPC11xx.o
 .debug_ranges  0x0000000000000020       0xa0 bin/clock_11xx.o
 .debug_ranges  0x00000000000000c0       0x10 bin/chip_11xx.o
 .debug_ranges  0x00000000000000d0       0xe0 bin/gpio_11xx_2.o
 .debug_ranges  0x00000000000001b0      0x238 bin/blink.o
 .debug_ranges  0x00000000000003e8       0x10 bin/sysinit.o

.debug_loc      0x0000000000000000      0x7ec
 .debug_loc     0x0000000000000000      0x16e bin/clock_11xx.o
 .debug_loc     0x000000000000016e      0x5a1 bin/gpio_11xx_2.o
 .debug_loc     0x000000000000070f       0x99 bin/blink.o
 .debug_loc     0x00000000000007a8       0x44 bin/sysinit.o

.debug_macro    0x0000000000000000      0xfc8
 .debug_macro   0x0000000000000000      0x160 bin/clock_11xx.o
 .debug_macro   0x0000000000000160      0x160 bin/chip_11xx.o
 .debug_macro   0x00000000000002c0      0x160 bin/gpio_11xx_2.o
 .debug_macro   0x0000000000000420      0x178 bin/blink.o
 .debug_macro   0x0000000000000598      0x81a bin/blink.o
 .debug_macro   0x0000000000000db2      0x216 bin/sysinit.o

.debug_str      0x0000000000000000     0x8350
 .debug_str     0x0000000000000000     0x7803 bin/clock_11xx.o
                                       0x79ea (size before relaxing)
 .debug_str     0x0000000000007803       0x4f bin/chip_11xx.o
                                       0x7244 (size before relaxing)
 .debug_str     0x0000000000007852      0x44b bin/gpio_11xx_2.o
                                       0x78d2 (size before relaxing)
 .debug_str     0x0000000000007c9d      0x3d8 bin/blink.o
                                       0x7585 (size before relaxing)
 .debug_str     0x0000000000008075      0x2db bin/sysinit.o
                                       0x776a (size before relaxing)

.debug_frame    0x0000000000000000      0x248
 .debug_frame   0x0000000000000000       0xd8 bin/clock_11xx.o
 .debug_frame   0x00000000000000d8       0x2c bin/chip_11xx.o
 .debug_frame   0x0000000000000104       0xa4 bin/gpio_11xx_2.o
 .debug_frame   0x00000000000001a8       0x54 bin/blink.o
 .debug_frame   0x00000000000001fc       0x2c bin/sysinit.o
 .debug_frame   0x0000000000000228       0x20 /usr/lib/gcc/arm-none-eabi/4.9.3/armv6-m/libgcc.a(_udivsi3.o)

Cross Reference Table

Symbol                                            File
ADC_IRQHandler                                    bin/startup_LPC11xx.o
BOD_IRQHandler                                    bin/startup_LPC11xx.o
CAN_IRQHandler                                    bin/startup_LPC11xx.o
Chip_ADC_DeInit                                   bin/adc_11xx.o
Chip_ADC_EnableChannel                            bin/adc_11xx.o
Chip_ADC_Init                                     bin/adc_11xx.o
Chip_ADC_Int_SetChannelCmd                        bin/adc_11xx.o
Chip_ADC_ReadByte                                 bin/adc_11xx.o
Chip_ADC_ReadStatus                               bin/adc_11xx.o
Chip_ADC_ReadValue                                bin/adc_11xx.o
Chip_ADC_SetBurstCmd                              bin/adc_11xx.o
Chip_ADC_SetResolution                            bin/adc_11xx.o
Chip_ADC_SetSampleRate                            bin/adc_11xx.o
Chip_ADC_SetStartMode                             bin/adc_11xx.o
Chip_Clock_GetMainClockRate                       bin/clock_11xx.o
                                                  bin/uart_11xx.o
                                                  bin/ssp_11xx.o
Chip_Clock_GetSystemClockRate                     bin/clock_11xx.o
                                                  bin/adc_11xx.o
                                                  bin/chip_11xx.o
Chip_Clock_GetSystemPLLInClockRate                bin/clock_11xx.o
Chip_Clock_GetSystemPLLOutClockRate               bin/clock_11xx.o
Chip_Clock_GetWDTOSCRate                          bin/clock_11xx.o
Chip_Clock_SetCLKOUTSource                        bin/clock_11xx.o
Chip_Clock_SetMainClockSource                     bin/clock_11xx.o
                                                  bin/sysinit_11xx.o
Chip_Clock_SetPLLBypass                           bin/clock_11xx.o
Chip_Clock_SetSystemPLLSource                     bin/clock_11xx.o
                                                  bin/sysinit_11xx.o
Chip_Clock_SetWDTClockSource                      bin/clock_11xx.o
Chip_GPIO_DeInit                                  bin/gpio_11xx_2.o
Chip_GPIO_Init                                    bin/gpio_11xx_2.o
                                                  bin/blink.o
Chip_GPIO_SetDir                                  bin/gpio_11xx_2.o
Chip_GPIO_SetPinDIR                               bin/gpio_11xx_2.o
Chip_GPIO_SetPortDIR                              bin/gpio_11xx_2.o
Chip_GPIO_SetupPinInt                             bin/gpio_11xx_2.o
Chip_GPIO_WriteDirBit                             bin/gpio_11xx_2.o
                                                  bin/blink.o
Chip_I2C_DeInit                                   bin/i2c_11xx.o
Chip_I2C_Disable                                  bin/i2c_11xx.o
Chip_I2C_EventHandler                             bin/i2c_11xx.o
Chip_I2C_EventHandlerPolling                      bin/i2c_11xx.o
Chip_I2C_GetClockRate                             bin/i2c_11xx.o
Chip_I2C_GetMasterEventHandler                    bin/i2c_11xx.o
Chip_I2C_Init                                     bin/i2c_11xx.o
Chip_I2C_IsMasterActive                           bin/i2c_11xx.o
Chip_I2C_IsStateChanged                           bin/i2c_11xx.o
Chip_I2C_MasterCmdRead                            bin/i2c_11xx.o
Chip_I2C_MasterRead                               bin/i2c_11xx.o
Chip_I2C_MasterSend                               bin/i2c_11xx.o
Chip_I2C_MasterStateHandler                       bin/i2c_11xx.o
Chip_I2C_MasterTransfer                           bin/i2c_11xx.o
Chip_I2C_SetClockRate                             bin/i2c_11xx.o
Chip_I2C_SetMasterEventHandler                    bin/i2c_11xx.o
Chip_I2C_SlaveSetup                               bin/i2c_11xx.o
Chip_I2C_SlaveStateHandler                        bin/i2c_11xx.o
Chip_PMU_DeepPowerDownState                       bin/pmu_11xx.o
Chip_PMU_Sleep                                    bin/pmu_11xx.o
Chip_PMU_SleepState                               bin/pmu_11xx.o
Chip_SSP_DeInit                                   bin/ssp_11xx.o
Chip_SSP_Init                                     bin/ssp_11xx.o
Chip_SSP_Int_FlushData                            bin/ssp_11xx.o
Chip_SSP_Int_RWFrames16Bits                       bin/ssp_11xx.o
Chip_SSP_Int_RWFrames8Bits                        bin/ssp_11xx.o
Chip_SSP_RWFrames_Blocking                        bin/ssp_11xx.o
Chip_SSP_ReadFrames_Blocking                      bin/ssp_11xx.o
Chip_SSP_SetBitRate                               bin/ssp_11xx.o
Chip_SSP_SetClockRate                             bin/ssp_11xx.o
Chip_SSP_SetMaster                                bin/ssp_11xx.o
Chip_SSP_WriteFrames_Blocking                     bin/ssp_11xx.o
Chip_SYSCTL_PowerDown                             bin/sysctl_11xx.o
                                                  bin/adc_11xx.o
                                                  bin/sysinit_11xx.o
Chip_SYSCTL_PowerUp                               bin/sysctl_11xx.o
                                                  bin/adc_11xx.o
                                                  bin/sysinit_11xx.o
Chip_SYSCTL_SetDeepSleepPD                        bin/sysctl_11xx.o
Chip_SYSCTL_SetWakeup                             bin/sysctl_11xx.o
Chip_SystemInit                                   bin/sysinit_11xx.o
Chip_TIMER_DeInit                                 bin/timer_11xx.o
Chip_TIMER_ExtMatchControlSet                     bin/timer_11xx.o
Chip_TIMER_Init                                   bin/timer_11xx.o
Chip_TIMER_Reset                                  bin/timer_11xx.o
Chip_UART_DeInit                                  bin/uart_11xx.o
Chip_UART_IRQRBHandler                            bin/uart_11xx.o
Chip_UART_Init                                    bin/uart_11xx.o
Chip_UART_RXIntHandlerRB                          bin/uart_11xx.o
Chip_UART_Read                                    bin/uart_11xx.o
Chip_UART_ReadBlocking                            bin/uart_11xx.o
Chip_UART_ReadRB                                  bin/uart_11xx.o
Chip_UART_Send                                    bin/uart_11xx.o
Chip_UART_SendBlocking                            bin/uart_11xx.o
Chip_UART_SendRB                                  bin/uart_11xx.o
Chip_UART_SetBaud                                 bin/uart_11xx.o
Chip_UART_SetBaudFDR                              bin/uart_11xx.o
Chip_UART_TXIntHandlerRB                          bin/uart_11xx.o
Chip_WWDT_ClearStatusFlag                         bin/wwdt_11xx.o
Chip_WWDT_DeInit                                  bin/wwdt_11xx.o
Chip_WWDT_Init                                    bin/wwdt_11xx.o
Default_Handler                                   bin/startup_LPC11xx.o
HardFault_Handler                                 bin/startup_LPC11xx.o
I2C_IRQHandler                                    bin/startup_LPC11xx.o
NMI_Handler                                       bin/startup_LPC11xx.o
OscRateIn                                         bin/blink.o
                                                  bin/clock_11xx.o
PIOINT0_IRQHandler                                bin/startup_LPC11xx.o
PIOINT1_IRQHandler                                bin/startup_LPC11xx.o
PIOINT2_IRQHandler                                bin/startup_LPC11xx.o
PIOINT3_IRQHandler                                bin/startup_LPC11xx.o
PendSV_Handler                                    bin/startup_LPC11xx.o
Reset_Handler                                     bin/startup_LPC11xx.o
RingBuffer_Init                                   bin/ring_buffer.o
RingBuffer_Insert                                 bin/ring_buffer.o
                                                  bin/uart_11xx.o
RingBuffer_InsertMult                             bin/ring_buffer.o
                                                  bin/uart_11xx.o
RingBuffer_Pop                                    bin/ring_buffer.o
                                                  bin/uart_11xx.o
RingBuffer_PopMult                                bin/ring_buffer.o
                                                  bin/uart_11xx.o
SSP0_IRQHandler                                   bin/startup_LPC11xx.o
SSP1_IRQHandler                                   bin/startup_LPC11xx.o
SVC_Handler                                       bin/startup_LPC11xx.o
SysTick_Handler                                   bin/blink.o
                                                  bin/startup_LPC11xx.o
SystemCoreClock                                   bin/sysinit.o
                                                  bin/chip_11xx.o
                                                  bin/blink.o
                                                  bin/i2c_11xx.o
SystemCoreClockUpdate                             bin/chip_11xx.o
                                                  bin/blink.o
SystemInit                                        bin/sysinit.o
                                                  bin/startup_LPC11xx.o
TIMER16_0_IRQHandler                              bin/startup_LPC11xx.o
TIMER16_1_IRQHandler                              bin/startup_LPC11xx.o
TIMER32_0_IRQHandler                              bin/startup_LPC11xx.o
TIMER32_1_IRQHandler                              bin/startup_LPC11xx.o
UART_IRQHandler                                   bin/startup_LPC11xx.o
WAKEUP_IRQHandler                                 bin/startup_LPC11xx.o
WDT_IRQHandler                                    bin/startup_LPC11xx.o
__HeapBase                                        bin/startup_LPC11xx.o
__HeapLimit                                       bin/startup_LPC11xx.o
__StackLimit                                      bin/startup_LPC11xx.o
__StackTop                                        bin/startup_LPC11xx.o
__aeabi_idiv0                                     /usr/lib/gcc/arm-none-eabi/4.9.3/armv6-m/libgcc.a(_dvmd_tls.o)
                                                  /usr/lib/gcc/arm-none-eabi/4.9.3/armv6-m/libgcc.a(_udivsi3.o)
__aeabi_ldiv0                                     /usr/lib/gcc/arm-none-eabi/4.9.3/armv6-m/libgcc.a(_dvmd_tls.o)
__aeabi_uidiv                                     /usr/lib/gcc/arm-none-eabi/4.9.3/armv6-m/libgcc.a(_udivsi3.o)
                                                  bin/blink.o
                                                  bin/uart_11xx.o
                                                  bin/adc_11xx.o
                                                  bin/clock_11xx.o
                                                  bin/i2c_11xx.o
                                                  bin/ssp_11xx.o
__aeabi_uidivmod                                  /usr/lib/gcc/arm-none-eabi/4.9.3/armv6-m/libgcc.a(_udivsi3.o)
                                                  bin/uart_11xx.o
__isr_vector                                      bin/startup_LPC11xx.o
__udivsi3                                         /usr/lib/gcc/arm-none-eabi/4.9.3/armv6-m/libgcc.a(_udivsi3.o)
getSlaveIndex                                     bin/i2c_11xx.o
handleMasterXferState                             bin/i2c_11xx.o
handleSlaveXferState                              bin/i2c_11xx.o
main                                              bin/blink.o
                                                  bin/startup_LPC11xx.o
memcpy                                            /usr/lib/gcc/arm-none-eabi/4.9.3/../../../arm-none-eabi/lib/armv6-m/libg.a(lib_a-memcpy.o)
                                                  bin/ring_buffer.o
msTicks                                           bin/blink.o
readAdcVal                                        bin/adc_11xx.o
setStartMode                                      bin/adc_11xx.o
